// Jest Snapshot v1, https://goo.gl/fbAQLP

exports[`Swiping page 1`] = `
Array [
  <h1
    className="Title"
  >
     yumble
  </h1>,
  <h1
    className="TimeCounter"
  >
     Remaining time: 
    s
  </h1>,
  <div
    className="MakeCentre"
  >
    <div
      className="container"
      style={
        Object {
          "marginTop": "2em",
        }
      }
    >
      <div
        className="justify-content-md-center row row-cols-lg-12"
      >
        <div
          className="btnColumn col-md-2 col-6 order-md-1 order-2"
        >
          <button
            className="YesOrNoButton "
            id="NoButton"
            onClick={[Function]}
          >
            Nope!
          </button>
        </div>
        <div
          className="col-lg-6 col-md-8 col-12 order-md-2 order-1"
        >
          <div
            className="CardOverlayText "
          >
            Voted: 
            
            !
          </div>
          <div
            className="ActionableSwipeCard"
          >
            <div
              className="SwipeCard "
              onClick={[Function]}
            >
              <div
                className="CardImage"
              >
                <img
                  className="CardImage"
                  src="https://c.files.bbci.co.uk/050B/production/_103119210_lazytown2.jpg"
                />
              </div>
              <div>
                <p
                  className="PlaceDetails"
                  id="name"
                >
                   
                  Lonestar
                   
                </p>
              </div>
              <p
                className="PlaceDetails"
                id="location"
              >
                 
                Botany
                 
              </p>
              <p
                className="PlaceDetails"
                id="price"
              >
                 
                $$$
                 
              </p>
              <p
                className="PlaceDetails"
                id="rating"
              >
                 
                4.0
                 Rating
              </p>
            </div>
          </div>
        </div>
        <div
          className="btnColumn col-md-2 col-6 order-md-3 order-3"
        >
          <button
            className="YesOrNoButton align-items-center "
            id="YesButton"
            onClick={[Function]}
          >
            Keen!
          </button>
        </div>
      </div>
    </div>
    <button
      className="BigBtn btn btn-warning"
      disabled={false}
      id="GoogleMaps_btn"
      onClick={[Function]}
      type="button"
    >
      View on Google Maps
      <svg
        fill="#ff6056"
        height="30"
        viewBox="0 0 16 16"
        width="30"
        xmlns="http://www.w3.org/2000/svg"
      >
        <path
          d="M8 16s6-5.686 6-10A6 6 0 0 0 2 6c0 4.314 6 10 6 10zm0-7a3 3 0 1 1 0-6 3 3 0 0 1 0 6z"
        />
      </svg>
    </button>
    
  </div>,
  <button
    className="btn btn-info btn-lg"
    disabled={false}
    id="HelpButton"
    onClick={[Function]}
    type="button"
  >
    Help
  </button>,
  "",
]
`;
