// Jest Snapshot v1, https://goo.gl/fbAQLP

exports[`Start Page snapshot testing 1`] = `
Array [
  <div
    className="container"
  >
    <div
      className="MakeCentre"
    >
      <h1
        className="StartTitle"
      >
        yumble
        <small
          className="text-muted"
          style={
            Object {
              "fontSize": "2rem",
            }
          }
        >
          2.0
        </small>
      </h1>
      <a
        href="/Preferences"
        onClick={[Function]}
      >
        <button
          className="BigBtn btn btn-warning btn-lg"
          disabled={false}
          id="CreateGroup_btn"
          type="button"
        >
          Create group
        </button>
      </a>
      <a
        href="/JoinGroup"
        onClick={[Function]}
      >
        <button
          className="BigBtn btn btn-success btn-lg"
          disabled={false}
          id="JoinGroup_btn"
          type="button"
        >
          Join group
        </button>
      </a>
    </div>
  </div>,
  <button
    className="btn btn-info btn-lg"
    disabled={false}
    id="HelpButton"
    onClick={[Function]}
    type="button"
  >
    Help
  </button>,
  "",
]
`;
