// Jest Snapshot v1, https://goo.gl/fbAQLP

exports[`Location Helper snapshot testing with on/off trigger off 1`] = `""`;

exports[`Location Helper snapshot testing with on/off trigger on 1`] = `
<div
  className="Help"
>
  <div
    className="Help-inner"
  >
    <div
      className="fade alert alert-info show"
      role="alert"
    >
      <div
        className="alert-heading h4"
      >
        We are here to Help!
      </div>
      <p />
      <button
        className="btn btn-outline-danger"
        disabled={false}
        onClick={[Function]}
        type="button"
      >
        close!
      </button>
      <hr />
    </div>
  </div>
</div>
`;
