// Jest Snapshot v1, https://goo.gl/fbAQLP

exports[`MapModal snapshot testing with/without defining the trigger 1`] = `""`;

exports[`MapModal snapshot testing with/without defining the trigger 2`] = `
<div
  className="Help"
>
  <div
    className="Help-inner"
  >
    <div
      id="map"
      style={
        Object {
          "height": "400px",
          "width": "600px",
        }
      }
    />
    <button
      className="SmallBtn"
      id="CloseButton"
      onClick={[Function]}
    >
      close
    </button>
  </div>
</div>
`;
