// Jest Snapshot v1, https://goo.gl/fbAQLP

exports[`MapModal snapshot testing with/without defining the trigger 1`] = `""`;

exports[`MapModal snapshot testing with/without defining the trigger 2`] = `
<div
  className="Help"
>
  <div
    className="Help-inner"
  >
    <div
      className="fade AlertContent alert show"
      role="alert"
    >
      <div
        className="text-center alert-heading h4"
      >
        Restaurant Location
      </div>
      <hr />
      <p>
        <div
          id="map"
          style={
            Object {
              "height": "400px",
              "width": "100%!important",
            }
          }
        />
      </p>
      <button
        className="btn btn-outline-danger"
        disabled={false}
        onClick={[Function]}
        style={
          Object {
            "marginTop": "1em",
          }
        }
        type="button"
      >
        Close
      </button>
    </div>
  </div>
</div>
`;
