// Jest Snapshot v1, https://goo.gl/fbAQLP

exports[`Lobby snapshot testing 1`] = `
Array [
  <h1
    className="Title"
  >
    yumble
  </h1>,
  <div
    className="MakeCentre"
  >
    <div
      className="LobbyBox"
    >
      <div>
        <div
          className="Inline_Block"
        >
          Group code: 
        </div>
        <span
          className="CentreTitle"
        />
        <div
          className="Inline_Block"
        >
          0
          /10
        </div>
      </div>
      <div
        id="container"
      />
    </div>
    <button
      className="ShareButton"
      onClick={[Function]}
    >
      Share
    </button>
    
    <button
      className="SmallBtn"
      id="BackButton"
      onClick={[Function]}
    >
      Back
    </button>
    <button
      className="SmallBtn"
      id="HelpButton"
      onClick={[Function]}
    >
      help?
    </button>
    
  </div>,
]
`;
