// Jest Snapshot v1, https://goo.gl/fbAQLP

exports[`Join Page snapshot testing 1`] = `
Array [
  <h1
    className="Title"
  >
    yumble
  </h1>,
  <div
    className="MakeCentre"
  >
    <div
      className="card"
      id="Card-field"
    >
      <h5
        className="card-header"
        id="Card-Header"
      >
        Join Game
      </h5>
      <div
        className="card-body"
      >
        <div
          className="card-title h5"
        >
          Enter Group Name
        </div>
        <p
          className="card-text"
        >
          <input
            className="JoinGroup"
            fontSize={3}
            onChange={[Function]}
            placeholder=" P6aPE"
            type="text"
          />
        </p>
        <div
          className="card-title h5"
        >
          Enter Your Name
        </div>
        <p
          className="card-text"
        >
          <input
            className="JoinGroup"
            fontSize={3}
            onChange={[Function]}
            placeholder="Alex"
            type="text"
          />
        </p>
        <button
          className="GoButton btn btn-success"
          disabled={false}
          onClick={[Function]}
          type="button"
        >
          Go
        </button>
      </div>
    </div>
  </div>,
  <a
    href="/"
    onClick={[Function]}
  >
    <button
      className="btn btn-danger btn-lg"
      disabled={false}
      id="BackButton"
      type="button"
    >
      Back
    </button>
  </a>,
  <button
    className="btn btn-info btn-lg"
    disabled={false}
    id="HelpButton"
    onClick={[Function]}
    type="button"
  >
    Help
  </button>,
  "",
]
`;
